
> react-kavia@0.1.0 start
> react-scripts start

(node:553) [DEP_WEBPACK_DEV_SERVER_ON_AFTER_SETUP_MIDDLEWARE] DeprecationWarning: 'onAfterSetupMiddleware' option is deprecated. Please use the 'setupMiddlewares' option.
(Use `node --trace-deprecation ...` to show where the warning was created)
(node:553) [DEP_WEBPACK_DEV_SERVER_ON_BEFORE_SETUP_MIDDLEWARE] DeprecationWarning: 'onBeforeSetupMiddleware' option is deprecated. Please use the 'setupMiddlewares' option.
Starting the development server...

Compiled successfully!

You can now view react-kavia in the browser.

  Local:            http://localhost:3000
  On Your Network:  http://172.17.0.2:3000

Note that the development build is not optimized.
To create a production build, use npm run build.

webpack compiled successfully
Compiling...
Failed to compile.

Module not found: Error: Can't resolve 'react-router-dom' in '/home/kavia/workspace/code-generation/resumerefine-ai-24815-698c606b/resumerefine_ai/src'
ERROR in ./src/App.js 6:0-97
Module not found: Error: Can't resolve 'react-router-dom' in '/home/kavia/workspace/code-generation/resumerefine-ai-24815-698c606b/resumerefine_ai/src'

ERROR in ./src/App.js 7:0-49
Module not found: Error: Can't resolve './components/MainNavbar' in '/home/kavia/workspace/code-generation/resumerefine-ai-24815-698c606b/resumerefine_ai/src'

ERROR in ./src/App.js 8:0-40
Module not found: Error: Can't resolve './pages/HomePage' in '/home/kavia/workspace/code-generation/resumerefine-ai-24815-698c606b/resumerefine_ai/src'

ERROR in ./src/App.js 9:0-44
Module not found: Error: Can't resolve './pages/SignInPage' in '/home/kavia/workspace/code-generation/resumerefine-ai-24815-698c606b/resumerefine_ai/src'

ERROR in ./src/App.js 10:0-52
Module not found: Error: Can't resolve './pages/ResumeToolPage' in '/home/kavia/workspace/code-generation/resumerefine-ai-24815-698c606b/resumerefine_ai/src'

webpack compiled with 5 errors
Compiling...
Failed to compile.

Module not found: Error: Can't resolve 'react-router-dom' in '/home/kavia/workspace/code-generation/resumerefine-ai-24815-698c606b/resumerefine_ai/src'
ERROR in ./src/App.js 6:0-97
Module not found: Error: Can't resolve 'react-router-dom' in '/home/kavia/workspace/code-generation/resumerefine-ai-24815-698c606b/resumerefine_ai/src'

ERROR in ./src/App.js 8:0-40
Module not found: Error: Can't resolve './pages/HomePage' in '/home/kavia/workspace/code-generation/resumerefine-ai-24815-698c606b/resumerefine_ai/src'

ERROR in ./src/App.js 9:0-44
Module not found: Error: Can't resolve './pages/SignInPage' in '/home/kavia/workspace/code-generation/resumerefine-ai-24815-698c606b/resumerefine_ai/src'

ERROR in ./src/App.js 10:0-52
Module not found: Error: Can't resolve './pages/ResumeToolPage' in '/home/kavia/workspace/code-generation/resumerefine-ai-24815-698c606b/resumerefine_ai/src'

ERROR in ./src/components/MainNavbar.js 6:0-60
Module not found: Error: Can't resolve 'react-router-dom' in '/home/kavia/workspace/code-generation/resumerefine-ai-24815-698c606b/resumerefine_ai/src/components'

ERROR in ./src/components/MainNavbar.js 7:0-26
Module not found: Error: Can't resolve './MainNavbar.css' in '/home/kavia/workspace/code-generation/resumerefine-ai-24815-698c606b/resumerefine_ai/src/components'

webpack compiled with 6 errors
Compiling...
Failed to compile.

Module not found: Error: Can't resolve 'react-router-dom' in '/home/kavia/workspace/code-generation/resumerefine-ai-24815-698c606b/resumerefine_ai/src'
ERROR in ./src/App.js 6:0-97
Module not found: Error: Can't resolve 'react-router-dom' in '/home/kavia/workspace/code-generation/resumerefine-ai-24815-698c606b/resumerefine_ai/src'

ERROR in ./src/App.js 8:0-40
Module not found: Error: Can't resolve './pages/HomePage' in '/home/kavia/workspace/code-generation/resumerefine-ai-24815-698c606b/resumerefine_ai/src'

ERROR in ./src/App.js 9:0-44
Module not found: Error: Can't resolve './pages/SignInPage' in '/home/kavia/workspace/code-generation/resumerefine-ai-24815-698c606b/resumerefine_ai/src'

ERROR in ./src/App.js 10:0-52
Module not found: Error: Can't resolve './pages/ResumeToolPage' in '/home/kavia/workspace/code-generation/resumerefine-ai-24815-698c606b/resumerefine_ai/src'

ERROR in ./src/components/MainNavbar.js 6:0-60
Module not found: Error: Can't resolve 'react-router-dom' in '/home/kavia/workspace/code-generation/resumerefine-ai-24815-698c606b/resumerefine_ai/src/components'

ERROR in ./src/components/MainNavbar.js 7:0-26
Module not found: Error: Can't resolve './MainNavbar.css' in '/home/kavia/workspace/code-generation/resumerefine-ai-24815-698c606b/resumerefine_ai/src/components'

webpack compiled with 6 errors
Compiling...
Failed to compile.

Module not found: Error: Can't resolve 'react-router-dom' in '/home/kavia/workspace/code-generation/resumerefine-ai-24815-698c606b/resumerefine_ai/src'
ERROR in ./src/App.js 6:0-97
Module not found: Error: Can't resolve 'react-router-dom' in '/home/kavia/workspace/code-generation/resumerefine-ai-24815-698c606b/resumerefine_ai/src'

ERROR in ./src/App.js 9:0-44
Module not found: Error: Can't resolve './pages/SignInPage' in '/home/kavia/workspace/code-generation/resumerefine-ai-24815-698c606b/resumerefine_ai/src'

ERROR in ./src/App.js 10:0-52
Module not found: Error: Can't resolve './pages/ResumeToolPage' in '/home/kavia/workspace/code-generation/resumerefine-ai-24815-698c606b/resumerefine_ai/src'

ERROR in ./src/components/MainNavbar.js 6:0-60
Module not found: Error: Can't resolve 'react-router-dom' in '/home/kavia/workspace/code-generation/resumerefine-ai-24815-698c606b/resumerefine_ai/src/components'

ERROR in ./src/components/MainNavbar.js 7:0-26
Module not found: Error: Can't resolve './MainNavbar.css' in '/home/kavia/workspace/code-generation/resumerefine-ai-24815-698c606b/resumerefine_ai/src/components'

ERROR in ./src/pages/HomePage.js 6:0-47
Module not found: Error: Can't resolve 'react-router-dom' in '/home/kavia/workspace/code-generation/resumerefine-ai-24815-698c606b/resumerefine_ai/src/pages'

ERROR in ./src/pages/HomePage.js 7:0-24
Module not found: Error: Can't resolve './HomePage.css' in '/home/kavia/workspace/code-generation/resumerefine-ai-24815-698c606b/resumerefine_ai/src/pages'

webpack compiled with 7 errors
Compiling...
Failed to compile.

Module not found: Error: Can't resolve 'react-router-dom' in '/home/kavia/workspace/code-generation/resumerefine-ai-24815-698c606b/resumerefine_ai/src'
ERROR in ./src/App.js 6:0-97
Module not found: Error: Can't resolve 'react-router-dom' in '/home/kavia/workspace/code-generation/resumerefine-ai-24815-698c606b/resumerefine_ai/src'

ERROR in ./src/App.js 9:0-44
Module not found: Error: Can't resolve './pages/SignInPage' in '/home/kavia/workspace/code-generation/resumerefine-ai-24815-698c606b/resumerefine_ai/src'

ERROR in ./src/App.js 10:0-52
Module not found: Error: Can't resolve './pages/ResumeToolPage' in '/home/kavia/workspace/code-generation/resumerefine-ai-24815-698c606b/resumerefine_ai/src'

ERROR in ./src/components/MainNavbar.js 6:0-60
Module not found: Error: Can't resolve 'react-router-dom' in '/home/kavia/workspace/code-generation/resumerefine-ai-24815-698c606b/resumerefine_ai/src/components'

ERROR in ./src/components/MainNavbar.js 7:0-26
Module not found: Error: Can't resolve './MainNavbar.css' in '/home/kavia/workspace/code-generation/resumerefine-ai-24815-698c606b/resumerefine_ai/src/components'

ERROR in ./src/pages/HomePage.js 6:0-47
Module not found: Error: Can't resolve 'react-router-dom' in '/home/kavia/workspace/code-generation/resumerefine-ai-24815-698c606b/resumerefine_ai/src/pages'

ERROR in ./src/pages/HomePage.js 7:0-24
Module not found: Error: Can't resolve './HomePage.css' in '/home/kavia/workspace/code-generation/resumerefine-ai-24815-698c606b/resumerefine_ai/src/pages'

webpack compiled with 7 errors
Compiling...
Failed to compile.

Module not found: Error: Can't resolve 'react-router-dom' in '/home/kavia/workspace/code-generation/resumerefine-ai-24815-698c606b/resumerefine_ai/src'
ERROR in ./src/App.js 6:0-97
Module not found: Error: Can't resolve 'react-router-dom' in '/home/kavia/workspace/code-generation/resumerefine-ai-24815-698c606b/resumerefine_ai/src'

ERROR in ./src/App.js 10:0-52
Module not found: Error: Can't resolve './pages/ResumeToolPage' in '/home/kavia/workspace/code-generation/resumerefine-ai-24815-698c606b/resumerefine_ai/src'

ERROR in ./src/components/MainNavbar.js 6:0-60
Module not found: Error: Can't resolve 'react-router-dom' in '/home/kavia/workspace/code-generation/resumerefine-ai-24815-698c606b/resumerefine_ai/src/components'

ERROR in ./src/components/MainNavbar.js 7:0-26
Module not found: Error: Can't resolve './MainNavbar.css' in '/home/kavia/workspace/code-generation/resumerefine-ai-24815-698c606b/resumerefine_ai/src/components'

ERROR in ./src/pages/HomePage.js 6:0-47
Module not found: Error: Can't resolve 'react-router-dom' in '/home/kavia/workspace/code-generation/resumerefine-ai-24815-698c606b/resumerefine_ai/src/pages'

ERROR in ./src/pages/HomePage.js 7:0-24
Module not found: Error: Can't resolve './HomePage.css' in '/home/kavia/workspace/code-generation/resumerefine-ai-24815-698c606b/resumerefine_ai/src/pages'

ERROR in ./src/pages/SignInPage.js 6:0-47
Module not found: Error: Can't resolve 'react-router-dom' in '/home/kavia/workspace/code-generation/resumerefine-ai-24815-698c606b/resumerefine_ai/src/pages'

ERROR in ./src/pages/SignInPage.js 7:0-26
Module not found: Error: Can't resolve './SignInPage.css' in '/home/kavia/workspace/code-generation/resumerefine-ai-24815-698c606b/resumerefine_ai/src/pages'

webpack compiled with 8 errors
Compiling...
Failed to compile.

Module not found: Error: Can't resolve 'react-router-dom' in '/home/kavia/workspace/code-generation/resumerefine-ai-24815-698c606b/resumerefine_ai/src'
ERROR in ./src/App.js 6:0-97
Module not found: Error: Can't resolve 'react-router-dom' in '/home/kavia/workspace/code-generation/resumerefine-ai-24815-698c606b/resumerefine_ai/src'

ERROR in ./src/App.js 10:0-52
Module not found: Error: Can't resolve './pages/ResumeToolPage' in '/home/kavia/workspace/code-generation/resumerefine-ai-24815-698c606b/resumerefine_ai/src'

ERROR in ./src/components/MainNavbar.js 6:0-60
Module not found: Error: Can't resolve 'react-router-dom' in '/home/kavia/workspace/code-generation/resumerefine-ai-24815-698c606b/resumerefine_ai/src/components'

ERROR in ./src/components/MainNavbar.js 7:0-26
Module not found: Error: Can't resolve './MainNavbar.css' in '/home/kavia/workspace/code-generation/resumerefine-ai-24815-698c606b/resumerefine_ai/src/components'

ERROR in ./src/pages/HomePage.js 6:0-47
Module not found: Error: Can't resolve 'react-router-dom' in '/home/kavia/workspace/code-generation/resumerefine-ai-24815-698c606b/resumerefine_ai/src/pages'

ERROR in ./src/pages/HomePage.js 7:0-24
Module not found: Error: Can't resolve './HomePage.css' in '/home/kavia/workspace/code-generation/resumerefine-ai-24815-698c606b/resumerefine_ai/src/pages'

ERROR in ./src/pages/SignInPage.js 6:0-47
Module not found: Error: Can't resolve 'react-router-dom' in '/home/kavia/workspace/code-generation/resumerefine-ai-24815-698c606b/resumerefine_ai/src/pages'

ERROR in ./src/pages/SignInPage.js 7:0-26
Module not found: Error: Can't resolve './SignInPage.css' in '/home/kavia/workspace/code-generation/resumerefine-ai-24815-698c606b/resumerefine_ai/src/pages'

webpack compiled with 8 errors
Compiling...
Failed to compile.

Module not found: Error: Can't resolve 'react-router-dom' in '/home/kavia/workspace/code-generation/resumerefine-ai-24815-698c606b/resumerefine_ai/src'
ERROR in ./src/App.js 6:0-97
Module not found: Error: Can't resolve 'react-router-dom' in '/home/kavia/workspace/code-generation/resumerefine-ai-24815-698c606b/resumerefine_ai/src'

ERROR in ./src/components/MainNavbar.js 6:0-60
Module not found: Error: Can't resolve 'react-router-dom' in '/home/kavia/workspace/code-generation/resumerefine-ai-24815-698c606b/resumerefine_ai/src/components'

ERROR in ./src/components/MainNavbar.js 7:0-26
Module not found: Error: Can't resolve './MainNavbar.css' in '/home/kavia/workspace/code-generation/resumerefine-ai-24815-698c606b/resumerefine_ai/src/components'

ERROR in ./src/pages/HomePage.js 6:0-47
Module not found: Error: Can't resolve 'react-router-dom' in '/home/kavia/workspace/code-generation/resumerefine-ai-24815-698c606b/resumerefine_ai/src/pages'

ERROR in ./src/pages/HomePage.js 7:0-24
Module not found: Error: Can't resolve './HomePage.css' in '/home/kavia/workspace/code-generation/resumerefine-ai-24815-698c606b/resumerefine_ai/src/pages'

ERROR in ./src/pages/ResumeToolPage.js 6:0-30
Module not found: Error: Can't resolve './ResumeToolPage.css' in '/home/kavia/workspace/code-generation/resumerefine-ai-24815-698c606b/resumerefine_ai/src/pages'

ERROR in ./src/pages/SignInPage.js 6:0-47
Module not found: Error: Can't resolve 'react-router-dom' in '/home/kavia/workspace/code-generation/resumerefine-ai-24815-698c606b/resumerefine_ai/src/pages'

ERROR in ./src/pages/SignInPage.js 7:0-26
Module not found: Error: Can't resolve './SignInPage.css' in '/home/kavia/workspace/code-generation/resumerefine-ai-24815-698c606b/resumerefine_ai/src/pages'

webpack compiled with 8 errors
Compiling...
Failed to compile.

Module not found: Error: Can't resolve 'react-router-dom' in '/home/kavia/workspace/code-generation/resumerefine-ai-24815-698c606b/resumerefine_ai/src'
ERROR in ./src/App.js 6:0-97
Module not found: Error: Can't resolve 'react-router-dom' in '/home/kavia/workspace/code-generation/resumerefine-ai-24815-698c606b/resumerefine_ai/src'

ERROR in ./src/components/MainNavbar.js 6:0-60
Module not found: Error: Can't resolve 'react-router-dom' in '/home/kavia/workspace/code-generation/resumerefine-ai-24815-698c606b/resumerefine_ai/src/components'

ERROR in ./src/components/MainNavbar.js 7:0-26
Module not found: Error: Can't resolve './MainNavbar.css' in '/home/kavia/workspace/code-generation/resumerefine-ai-24815-698c606b/resumerefine_ai/src/components'

ERROR in ./src/pages/HomePage.js 6:0-47
Module not found: Error: Can't resolve 'react-router-dom' in '/home/kavia/workspace/code-generation/resumerefine-ai-24815-698c606b/resumerefine_ai/src/pages'

ERROR in ./src/pages/HomePage.js 7:0-24
Module not found: Error: Can't resolve './HomePage.css' in '/home/kavia/workspace/code-generation/resumerefine-ai-24815-698c606b/resumerefine_ai/src/pages'

ERROR in ./src/pages/ResumeToolPage.js 6:0-30
Module not found: Error: Can't resolve './ResumeToolPage.css' in '/home/kavia/workspace/code-generation/resumerefine-ai-24815-698c606b/resumerefine_ai/src/pages'

ERROR in ./src/pages/SignInPage.js 6:0-47
Module not found: Error: Can't resolve 'react-router-dom' in '/home/kavia/workspace/code-generation/resumerefine-ai-24815-698c606b/resumerefine_ai/src/pages'

ERROR in ./src/pages/SignInPage.js 7:0-26
Module not found: Error: Can't resolve './SignInPage.css' in '/home/kavia/workspace/code-generation/resumerefine-ai-24815-698c606b/resumerefine_ai/src/pages'

webpack compiled with 8 errors
Compiling...
Failed to compile.

Module not found: Error: Can't resolve 'react-router-dom' in '/home/kavia/workspace/code-generation/resumerefine-ai-24815-698c606b/resumerefine_ai/src'
ERROR in ./src/App.js 6:0-97
Module not found: Error: Can't resolve 'react-router-dom' in '/home/kavia/workspace/code-generation/resumerefine-ai-24815-698c606b/resumerefine_ai/src'

ERROR in ./src/components/MainNavbar.js 6:0-60
Module not found: Error: Can't resolve 'react-router-dom' in '/home/kavia/workspace/code-generation/resumerefine-ai-24815-698c606b/resumerefine_ai/src/components'

ERROR in ./src/components/MainNavbar.js 7:0-26
Module not found: Error: Can't resolve './MainNavbar.css' in '/home/kavia/workspace/code-generation/resumerefine-ai-24815-698c606b/resumerefine_ai/src/components'

ERROR in ./src/pages/HomePage.js 6:0-47
Module not found: Error: Can't resolve 'react-router-dom' in '/home/kavia/workspace/code-generation/resumerefine-ai-24815-698c606b/resumerefine_ai/src/pages'

ERROR in ./src/pages/HomePage.js 7:0-24
Module not found: Error: Can't resolve './HomePage.css' in '/home/kavia/workspace/code-generation/resumerefine-ai-24815-698c606b/resumerefine_ai/src/pages'

ERROR in ./src/pages/ResumeToolPage.js 6:0-30
Module not found: Error: Can't resolve './ResumeToolPage.css' in '/home/kavia/workspace/code-generation/resumerefine-ai-24815-698c606b/resumerefine_ai/src/pages'

ERROR in ./src/pages/SignInPage.js 6:0-47
Module not found: Error: Can't resolve 'react-router-dom' in '/home/kavia/workspace/code-generation/resumerefine-ai-24815-698c606b/resumerefine_ai/src/pages'

ERROR in ./src/pages/SignInPage.js 7:0-26
Module not found: Error: Can't resolve './SignInPage.css' in '/home/kavia/workspace/code-generation/resumerefine-ai-24815-698c606b/resumerefine_ai/src/pages'

webpack compiled with 8 errors
Compiling...
Failed to compile.

Module not found: Error: Can't resolve 'react-router-dom' in '/home/kavia/workspace/code-generation/resumerefine-ai-24815-698c606b/resumerefine_ai/src'
ERROR in ./src/App.js 6:0-97
Module not found: Error: Can't resolve 'react-router-dom' in '/home/kavia/workspace/code-generation/resumerefine-ai-24815-698c606b/resumerefine_ai/src'

ERROR in ./src/components/MainNavbar.js 6:0-60
Module not found: Error: Can't resolve 'react-router-dom' in '/home/kavia/workspace/code-generation/resumerefine-ai-24815-698c606b/resumerefine_ai/src/components'

ERROR in ./src/pages/HomePage.js 6:0-47
Module not found: Error: Can't resolve 'react-router-dom' in '/home/kavia/workspace/code-generation/resumerefine-ai-24815-698c606b/resumerefine_ai/src/pages'

ERROR in ./src/pages/HomePage.js 7:0-24
Module not found: Error: Can't resolve './HomePage.css' in '/home/kavia/workspace/code-generation/resumerefine-ai-24815-698c606b/resumerefine_ai/src/pages'

ERROR in ./src/pages/ResumeToolPage.js 6:0-30
Module not found: Error: Can't resolve './ResumeToolPage.css' in '/home/kavia/workspace/code-generation/resumerefine-ai-24815-698c606b/resumerefine_ai/src/pages'

ERROR in ./src/pages/SignInPage.js 6:0-47
Module not found: Error: Can't resolve 'react-router-dom' in '/home/kavia/workspace/code-generation/resumerefine-ai-24815-698c606b/resumerefine_ai/src/pages'

ERROR in ./src/pages/SignInPage.js 7:0-26
Module not found: Error: Can't resolve './SignInPage.css' in '/home/kavia/workspace/code-generation/resumerefine-ai-24815-698c606b/resumerefine_ai/src/pages'

webpack compiled with 7 errors
Compiling...
Failed to compile.

Module not found: Error: Can't resolve 'react-router-dom' in '/home/kavia/workspace/code-generation/resumerefine-ai-24815-698c606b/resumerefine_ai/src'
ERROR in ./src/App.js 6:0-97
Module not found: Error: Can't resolve 'react-router-dom' in '/home/kavia/workspace/code-generation/resumerefine-ai-24815-698c606b/resumerefine_ai/src'

ERROR in ./src/components/MainNavbar.js 6:0-60
Module not found: Error: Can't resolve 'react-router-dom' in '/home/kavia/workspace/code-generation/resumerefine-ai-24815-698c606b/resumerefine_ai/src/components'

ERROR in ./src/pages/HomePage.js 6:0-47
Module not found: Error: Can't resolve 'react-router-dom' in '/home/kavia/workspace/code-generation/resumerefine-ai-24815-698c606b/resumerefine_ai/src/pages'

ERROR in ./src/pages/HomePage.js 7:0-24
Module not found: Error: Can't resolve './HomePage.css' in '/home/kavia/workspace/code-generation/resumerefine-ai-24815-698c606b/resumerefine_ai/src/pages'

ERROR in ./src/pages/ResumeToolPage.js 6:0-30
Module not found: Error: Can't resolve './ResumeToolPage.css' in '/home/kavia/workspace/code-generation/resumerefine-ai-24815-698c606b/resumerefine_ai/src/pages'

ERROR in ./src/pages/SignInPage.js 6:0-47
Module not found: Error: Can't resolve 'react-router-dom' in '/home/kavia/workspace/code-generation/resumerefine-ai-24815-698c606b/resumerefine_ai/src/pages'

ERROR in ./src/pages/SignInPage.js 7:0-26
Module not found: Error: Can't resolve './SignInPage.css' in '/home/kavia/workspace/code-generation/resumerefine-ai-24815-698c606b/resumerefine_ai/src/pages'

webpack compiled with 7 errors
Compiling...
Failed to compile.

Module not found: Error: Can't resolve 'react-router-dom' in '/home/kavia/workspace/code-generation/resumerefine-ai-24815-698c606b/resumerefine_ai/src'
ERROR in ./src/App.js 6:0-97
Module not found: Error: Can't resolve 'react-router-dom' in '/home/kavia/workspace/code-generation/resumerefine-ai-24815-698c606b/resumerefine_ai/src'

ERROR in ./src/components/MainNavbar.js 6:0-60
Module not found: Error: Can't resolve 'react-router-dom' in '/home/kavia/workspace/code-generation/resumerefine-ai-24815-698c606b/resumerefine_ai/src/components'

ERROR in ./src/pages/HomePage.js 6:0-47
Module not found: Error: Can't resolve 'react-router-dom' in '/home/kavia/workspace/code-generation/resumerefine-ai-24815-698c606b/resumerefine_ai/src/pages'

ERROR in ./src/pages/ResumeToolPage.js 6:0-30
Module not found: Error: Can't resolve './ResumeToolPage.css' in '/home/kavia/workspace/code-generation/resumerefine-ai-24815-698c606b/resumerefine_ai/src/pages'

ERROR in ./src/pages/SignInPage.js 6:0-47
Module not found: Error: Can't resolve 'react-router-dom' in '/home/kavia/workspace/code-generation/resumerefine-ai-24815-698c606b/resumerefine_ai/src/pages'

ERROR in ./src/pages/SignInPage.js 7:0-26
Module not found: Error: Can't resolve './SignInPage.css' in '/home/kavia/workspace/code-generation/resumerefine-ai-24815-698c606b/resumerefine_ai/src/pages'

webpack compiled with 6 errors
Compiling...
Failed to compile.

Module not found: Error: Can't resolve 'react-router-dom' in '/home/kavia/workspace/code-generation/resumerefine-ai-24815-698c606b/resumerefine_ai/src'
ERROR in ./src/App.js 6:0-97
Module not found: Error: Can't resolve 'react-router-dom' in '/home/kavia/workspace/code-generation/resumerefine-ai-24815-698c606b/resumerefine_ai/src'

ERROR in ./src/components/MainNavbar.js 6:0-60
Module not found: Error: Can't resolve 'react-router-dom' in '/home/kavia/workspace/code-generation/resumerefine-ai-24815-698c606b/resumerefine_ai/src/components'

ERROR in ./src/pages/HomePage.js 6:0-47
Module not found: Error: Can't resolve 'react-router-dom' in '/home/kavia/workspace/code-generation/resumerefine-ai-24815-698c606b/resumerefine_ai/src/pages'

ERROR in ./src/pages/ResumeToolPage.js 6:0-30
Module not found: Error: Can't resolve './ResumeToolPage.css' in '/home/kavia/workspace/code-generation/resumerefine-ai-24815-698c606b/resumerefine_ai/src/pages'

ERROR in ./src/pages/SignInPage.js 6:0-47
Module not found: Error: Can't resolve 'react-router-dom' in '/home/kavia/workspace/code-generation/resumerefine-ai-24815-698c606b/resumerefine_ai/src/pages'

ERROR in ./src/pages/SignInPage.js 7:0-26
Module not found: Error: Can't resolve './SignInPage.css' in '/home/kavia/workspace/code-generation/resumerefine-ai-24815-698c606b/resumerefine_ai/src/pages'

webpack compiled with 6 errors
Compiling...
Failed to compile.

Module not found: Error: Can't resolve 'react-router-dom' in '/home/kavia/workspace/code-generation/resumerefine-ai-24815-698c606b/resumerefine_ai/src'
ERROR in ./src/App.js 6:0-97
Module not found: Error: Can't resolve 'react-router-dom' in '/home/kavia/workspace/code-generation/resumerefine-ai-24815-698c606b/resumerefine_ai/src'

ERROR in ./src/components/MainNavbar.js 6:0-60
Module not found: Error: Can't resolve 'react-router-dom' in '/home/kavia/workspace/code-generation/resumerefine-ai-24815-698c606b/resumerefine_ai/src/components'

ERROR in ./src/pages/HomePage.js 6:0-47
Module not found: Error: Can't resolve 'react-router-dom' in '/home/kavia/workspace/code-generation/resumerefine-ai-24815-698c606b/resumerefine_ai/src/pages'

ERROR in ./src/pages/ResumeToolPage.js 6:0-30
Module not found: Error: Can't resolve './ResumeToolPage.css' in '/home/kavia/workspace/code-generation/resumerefine-ai-24815-698c606b/resumerefine_ai/src/pages'

ERROR in ./src/pages/SignInPage.js 6:0-47
Module not found: Error: Can't resolve 'react-router-dom' in '/home/kavia/workspace/code-generation/resumerefine-ai-24815-698c606b/resumerefine_ai/src/pages'

ERROR in ./src/pages/SignInPage.js 7:0-26
Module not found: Error: Can't resolve './SignInPage.css' in '/home/kavia/workspace/code-generation/resumerefine-ai-24815-698c606b/resumerefine_ai/src/pages'

webpack compiled with 6 errors
Compiling...
Failed to compile.

Module not found: Error: Can't resolve 'react-router-dom' in '/home/kavia/workspace/code-generation/resumerefine-ai-24815-698c606b/resumerefine_ai/src'
ERROR in ./src/App.js 6:0-97
Module not found: Error: Can't resolve 'react-router-dom' in '/home/kavia/workspace/code-generation/resumerefine-ai-24815-698c606b/resumerefine_ai/src'

ERROR in ./src/components/MainNavbar.js 6:0-60
Module not found: Error: Can't resolve 'react-router-dom' in '/home/kavia/workspace/code-generation/resumerefine-ai-24815-698c606b/resumerefine_ai/src/components'

ERROR in ./src/pages/HomePage.js 6:0-47
Module not found: Error: Can't resolve 'react-router-dom' in '/home/kavia/workspace/code-generation/resumerefine-ai-24815-698c606b/resumerefine_ai/src/pages'

ERROR in ./src/pages/ResumeToolPage.js 6:0-30
Module not found: Error: Can't resolve './ResumeToolPage.css' in '/home/kavia/workspace/code-generation/resumerefine-ai-24815-698c606b/resumerefine_ai/src/pages'

ERROR in ./src/pages/SignInPage.js 6:0-47
Module not found: Error: Can't resolve 'react-router-dom' in '/home/kavia/workspace/code-generation/resumerefine-ai-24815-698c606b/resumerefine_ai/src/pages'

webpack compiled with 5 errors
Compiling...
Failed to compile.

Module not found: Error: Can't resolve 'react-router-dom' in '/home/kavia/workspace/code-generation/resumerefine-ai-24815-698c606b/resumerefine_ai/src'
ERROR in ./src/App.js 6:0-97
Module not found: Error: Can't resolve 'react-router-dom' in '/home/kavia/workspace/code-generation/resumerefine-ai-24815-698c606b/resumerefine_ai/src'

ERROR in ./src/components/MainNavbar.js 6:0-60
Module not found: Error: Can't resolve 'react-router-dom' in '/home/kavia/workspace/code-generation/resumerefine-ai-24815-698c606b/resumerefine_ai/src/components'

ERROR in ./src/pages/HomePage.js 6:0-47
Module not found: Error: Can't resolve 'react-router-dom' in '/home/kavia/workspace/code-generation/resumerefine-ai-24815-698c606b/resumerefine_ai/src/pages'

ERROR in ./src/pages/ResumeToolPage.js 6:0-30
Module not found: Error: Can't resolve './ResumeToolPage.css' in '/home/kavia/workspace/code-generation/resumerefine-ai-24815-698c606b/resumerefine_ai/src/pages'

ERROR in ./src/pages/SignInPage.js 6:0-47
Module not found: Error: Can't resolve 'react-router-dom' in '/home/kavia/workspace/code-generation/resumerefine-ai-24815-698c606b/resumerefine_ai/src/pages'

webpack compiled with 5 errors
Compiling...
Failed to compile.

Module not found: Error: Can't resolve 'react-router-dom' in '/home/kavia/workspace/code-generation/resumerefine-ai-24815-698c606b/resumerefine_ai/src'
ERROR in ./src/App.js 6:0-97
Module not found: Error: Can't resolve 'react-router-dom' in '/home/kavia/workspace/code-generation/resumerefine-ai-24815-698c606b/resumerefine_ai/src'

ERROR in ./src/components/MainNavbar.js 6:0-60
Module not found: Error: Can't resolve 'react-router-dom' in '/home/kavia/workspace/code-generation/resumerefine-ai-24815-698c606b/resumerefine_ai/src/components'

ERROR in ./src/pages/HomePage.js 6:0-47
Module not found: Error: Can't resolve 'react-router-dom' in '/home/kavia/workspace/code-generation/resumerefine-ai-24815-698c606b/resumerefine_ai/src/pages'

ERROR in ./src/pages/SignInPage.js 6:0-47
Module not found: Error: Can't resolve 'react-router-dom' in '/home/kavia/workspace/code-generation/resumerefine-ai-24815-698c606b/resumerefine_ai/src/pages'

webpack compiled with 4 errors
Compiling...
Failed to compile.

Module not found: Error: Can't resolve 'react-router-dom' in '/home/kavia/workspace/code-generation/resumerefine-ai-24815-698c606b/resumerefine_ai/src'
ERROR in ./src/App.js 6:0-97
Module not found: Error: Can't resolve 'react-router-dom' in '/home/kavia/workspace/code-generation/resumerefine-ai-24815-698c606b/resumerefine_ai/src'

ERROR in ./src/components/MainNavbar.js 6:0-60
Module not found: Error: Can't resolve 'react-router-dom' in '/home/kavia/workspace/code-generation/resumerefine-ai-24815-698c606b/resumerefine_ai/src/components'

ERROR in ./src/pages/HomePage.js 6:0-47
Module not found: Error: Can't resolve 'react-router-dom' in '/home/kavia/workspace/code-generation/resumerefine-ai-24815-698c606b/resumerefine_ai/src/pages'

ERROR in ./src/pages/SignInPage.js 6:0-47
Module not found: Error: Can't resolve 'react-router-dom' in '/home/kavia/workspace/code-generation/resumerefine-ai-24815-698c606b/resumerefine_ai/src/pages'

webpack compiled with 4 errors
